// Jest Snapshot v1, https://goo.gl/fbAQLP

exports[`does Biometric Authentication renders successfully renders correctly 1`] = `
<View
  style={
    Array [
      Object {
        "alignItems": "center",
        "backgroundColor": "#202020",
        "flex": 1,
        "height": "100%",
        "top": "5%",
      },
      Object {
        "flexDirection": "row",
        "justifyContent": "space-around",
        "padding": 10,
      },
    ]
  }
/>
`;

exports[`renders correctly 1`] = `
<View
  style={
    Array [
      Object {
        "alignItems": "center",
        "backgroundColor": "#202020",
        "flex": 1,
        "height": "100%",
        "top": "5%",
      },
      Object {
        "flexDirection": "row",
        "justifyContent": "space-around",
        "padding": 10,
      },
    ]
  }
/>
`;
